
> Task :app:checkKotlinGradlePluginConfigurationErrors
error: [Dagger/MissingBinding] com.google.firebase.auth.FirebaseAuth cannot be provided without an @Inject constructor 
At line:1 char:1
    + FullyQualifiedErrorId : NativeCommandError
  Missing binding usage:
error: [Dagger/MissingBinding] com.google.firebase.firestore.FirebaseFirestore cannot be provided without an @Inject 
  Missing binding usage:
error: [Dagger/MissingBinding] com.google.firebase.storage.FirebaseStorage cannot be provided without an @Inject 
  Missing binding usage:
3 errors
> Task :app:hiltJavaCompileDebug FAILED
FAILURE: Build failed with an exception.
Execution failed for task ':app:hiltJavaCompileDebug'.
> Compilation failed; see the compiler error output for details.
BUILD FAILED in 23s


